[www.elitedesignhub.com/custom-website-design/index21ea.html]
[backblue.gif]
[fade.gif]
[index.html]
[www.elitedesignhub.com/custom-website-design/images/faveicon.png]
[static.ads-twitter.com/uwt.js]
[www.elitedesignhub.com/custom-website-design/images/logo.png]
[www.elitedesignhub.com/custom-website-design/images/brand1.png]
[www.elitedesignhub.com/custom-website-design/images/brand2.png]
[www.elitedesignhub.com/custom-website-design/images/brand3.png]
[www.elitedesignhub.com/custom-website-design/images/brand4.png]
[www.elitedesignhub.com/custom-website-design/images/offerimg.png]
[www.elitedesignhub.com/custom-website-design/images/iocn1.png]
[www.elitedesignhub.com/custom-website-design/images/iocn2.png]
[www.elitedesignhub.com/custom-website-design/images/iocn3.png]
[www.elitedesignhub.com/custom-website-design/images/iocn4.png]
[www.elitedesignhub.com/custom-website-design/images/iocn5.png]
[www.elitedesignhub.com/custom-website-design/images/layer1.png]
[www.elitedesignhub.com/custom-website-design/images/menimg.png]
[www.elitedesignhub.com/custom-website-design/images/layer2.png]
[www.elitedesignhub.com/custom-website-design/images/element-5.png]
[www.elitedesignhub.com/custom-website-design/images/element-4.png]
[www.elitedesignhub.com/custom-website-design/images/big1.jpg]
[www.elitedesignhub.com/custom-website-design/images/small1.jpg]
[www.elitedesignhub.com/custom-website-design/images/big2.jpg]
[www.elitedesignhub.com/custom-website-design/images/small2.jpg]
[www.elitedesignhub.com/custom-website-design/images/big3.jpg]
[www.elitedesignhub.com/custom-website-design/images/small3.jpg]
[www.elitedesignhub.com/custom-website-design/images/big4.jpg]
[www.elitedesignhub.com/custom-website-design/images/small4.jpg]
[www.elitedesignhub.com/custom-website-design/images/big5.jpg]
[www.elitedesignhub.com/custom-website-design/images/small5.jpg]
[www.elitedesignhub.com/custom-website-design/images/big6.jpg]
[www.elitedesignhub.com/custom-website-design/images/small6.jpg]
[www.elitedesignhub.com/custom-website-design/images/mobile.png]
[www.elitedesignhub.com/custom-website-design/images/girl.png]
[www.elitedesignhub.com/custom-website-design/images/logos1.jpg]
[www.elitedesignhub.com/custom-website-design/images/logos2.jpg]
[www.elitedesignhub.com/custom-website-design/images/logos3.jpg]
[www.elitedesignhub.com/custom-website-design/js/bootstrap.js]
[www.elitedesignhub.com/custom-website-design/js/jquery-3.6.0.min.js]
[www.elitedesignhub.com/custom-website-design/js/slick.min.js]
[www.elitedesignhub.com/custom-website-design/js/jquery.fancybox.min.js]
[www.elitedesignhub.com/custom-website-design/js/wow.min.js]
[www.elitedesignhub.com/custom-website-design/js/custom.js]
[code.jquery.com/jquery-3.6.0.min.js]
[static.zdassets.com/ekr/snippet713c.js]
[www.elitedesignhub.com/custom-website-design/images/modalimg.jpg]
[www.elitedesignhub.com/custom-website-design/index21ea.html]
[www.elitedesignhub.com/custom-website-design/css/bootstrap.css]
[www.elitedesignhub.com/custom-website-design/fontawesome5/webfonts/fa-brands-400.eot]
[www.elitedesignhub.com/custom-website-design/fontawesome5/webfonts/fa-brands-400d41d.eot]
[www.elitedesignhub.com/custom-website-design/fontawesome5/webfonts/fa-brands-400.woff2]
[www.elitedesignhub.com/custom-website-design/fontawesome5/webfonts/fa-brands-400.woff]
[www.elitedesignhub.com/custom-website-design/fontawesome5/webfonts/fa-brands-400.ttf]
[www.elitedesignhub.com/custom-website-design/fontawesome5/webfonts/fa-regular-400.eot]
[www.elitedesignhub.com/custom-website-design/fontawesome5/webfonts/fa-regular-400d41d.eot]
[www.elitedesignhub.com/custom-website-design/fontawesome5/webfonts/fa-regular-400.woff2]
[www.elitedesignhub.com/custom-website-design/fontawesome5/webfonts/fa-regular-400.woff]
[www.elitedesignhub.com/custom-website-design/fontawesome5/webfonts/fa-regular-400.ttf]
[www.elitedesignhub.com/custom-website-design/fontawesome5/webfonts/fa-solid-900.eot]
[www.elitedesignhub.com/custom-website-design/fontawesome5/webfonts/fa-solid-900d41d.eot]
[www.elitedesignhub.com/custom-website-design/fontawesome5/webfonts/fa-solid-900.woff2]
[www.elitedesignhub.com/custom-website-design/fontawesome5/webfonts/fa-solid-900.woff]
[www.elitedesignhub.com/custom-website-design/fontawesome5/webfonts/fa-solid-900.ttf]
[www.elitedesignhub.com/custom-website-design/fontawesome5/css/all.min.css]
[www.elitedesignhub.com/custom-website-design/css/slick.css]
[www.elitedesignhub.com/custom-website-design/css/jquery.fancybox.min.css]
[www.elitedesignhub.com/custom-website-design/css/animate.css]
[www.elitedesignhub.com/custom-website-design/fonts/LEMONMILK-Medium.eot]
[www.elitedesignhub.com/custom-website-design/fonts/LEMONMILK-Mediumd41d.eot]
[www.elitedesignhub.com/custom-website-design/fonts/LEMONMILK-Medium.woff2]
[www.elitedesignhub.com/custom-website-design/fonts/LEMONMILK-Medium.woff]
[www.elitedesignhub.com/custom-website-design/fonts/LEMONMILK-Medium.ttf]
[www.elitedesignhub.com/custom-website-design/fonts/LEMONMILK-Regular.eot]
[www.elitedesignhub.com/custom-website-design/fonts/LEMONMILK-Regulard41d.eot]
[www.elitedesignhub.com/custom-website-design/fonts/LEMONMILK-Regular.woff2]
[www.elitedesignhub.com/custom-website-design/fonts/LEMONMILK-Regular.woff]
[www.elitedesignhub.com/custom-website-design/fonts/LEMONMILK-Regular.ttf]
[www.elitedesignhub.com/custom-website-design/images/headertopBg.png]
[www.elitedesignhub.com/custom-website-design/images/bannerafter.4f.delayed]
[www.elitedesignhub.com/custom-website-design/images/banner-img.jpg]
[www.elitedesignhub.com/custom-website-design/images/combobg.jpg]
[www.elitedesignhub.com/custom-website-design/images/test-img.jpg]
[www.elitedesignhub.com/custom-website-design/css/custom.css]
[www.elitedesignhub.com/custom-website-design/fontawesome5/webfonts/fa-regular-400.svg]
[www.elitedesignhub.com/custom-website-design/fontawesome5/webfonts/fa-solid-900.svg]
[www.elitedesignhub.com/custom-website-design/images/bannerafter.html]
[www.elitedesignhub.com/custom-website-design/fontawesome5/webfonts/fa-brands-400.svg]
